2026-08-29T00:54:57.059Z magi · https://tenor.com/search/magi-evangelion-gifs · 61 candidates, kept 4
2026-08-29T00:55:01.509Z magi · https://tenor.com/search/magi-system-gifs · 60 candidates, kept 4
2026-08-29T00:55:06.200Z insertion-sync · https://tenor.com/search/evangelion-insertion-sync-gifs · 54 candidates, kept 4
2026-08-29T00:55:10.650Z insertion-sync · https://tenor.com/search/entry-plug-gifs · 61 candidates, kept 4
2026-08-29T00:55:15.239Z motion-tracker · https://tenor.com/search/aliens-motion-tracker-gifs · 47 candidates, kept 4
2026-08-29T00:55:19.671Z motion-tracker · https://tenor.com/search/motion-tracker-gifs · 45 candidates, kept 4
2026-08-29T00:55:24.402Z rig · https://tenor.com/search/dead-space-rig-gifs · 60 candidates, kept 4
2026-08-29T00:55:28.872Z rig · https://tenor.com/search/dead-space-gifs · 53 candidates, kept 4
2026-08-29T00:55:33.359Z   too small to be a real frame: https://media.tenor.com/hALFLX9uFIoAAAA1/buizel-pokemon.webp (2292B)
2026-08-29T00:55:33.428Z akira-capsule · https://tenor.com/search/akira-capsule-gifs · 59 candidates, kept 4
2026-08-29T00:55:37.801Z akira-capsule · https://tenor.com/search/akira-lab-gifs · 58 candidates, kept 4
2026-08-29T00:55:42.409Z gits-optic · https://tenor.com/search/ghost-in-the-shell-interface-gifs · 46 candidates, kept 4
2026-08-29T00:55:46.782Z gits-optic · https://tenor.com/search/ghost-in-the-shell-gifs · 60 candidates, kept 4
2026-08-29T00:55:51.223Z   too small to be a real frame: https://media.tenor.com/bsLWbOzcdbAAAAAm/ax.webp (2494B)
2026-08-29T00:55:51.413Z cyberpunk-hud · https://tenor.com/search/cyberpunk-2077-hud-gifs · 68 candidates, kept 4
2026-08-29T00:55:55.815Z cyberpunk-hud · https://tenor.com/search/cyberpunk-2077-scanning-gifs · 54 candidates, kept 4
2026-08-29T00:56:00.371Z lumon · https://tenor.com/search/severance-lumon-gifs · 58 candidates, kept 4
2026-08-29T00:56:05.006Z lumon · https://tenor.com/search/severance-refinement-gifs · 59 candidates, kept 4
2026-08-29T00:56:09.550Z spinner · https://tenor.com/search/blade-runner-2049-interface-gifs · 55 candidates, kept 4
2026-08-29T00:56:14.220Z spinner · https://tenor.com/search/blade-runner-2049-gifs · 54 candidates, kept 4
2026-08-29T00:56:18.715Z star-citizen · https://tenor.com/search/star-citizen-hud-gifs · 60 candidates, kept 4
2026-08-29T00:56:23.335Z tron-grid · https://tenor.com/search/tron-legacy-interface-gifs · 61 candidates, kept 4
2026-08-29T00:56:27.843Z tron-grid · https://tenor.com/search/tron-light-cycle-gifs · 63 candidates, kept 4
2026-08-29T00:56:32.419Z fake-os-loaders · https://tenor.com/search/progressbar95-gifs · 54 candidates, kept 4
2026-08-29T00:56:37.135Z fake-os-loaders · https://tenor.com/search/fake-os-gifs · 44 candidates, kept 4
2026-08-29T00:56:42.138Z generic-hud · https://tenor.com/search/hud-gifs · 61 candidates, kept 4
2026-08-29T00:56:46.412Z   too small to be a real frame: https://media.tenor.com/199JtF5QOBsAAAA1/game-interface-video-game.webp (2746B)
2026-08-29T00:56:46.457Z   too small to be a real frame: https://media.tenor.com/CR6hFrR4GKsAAAA1/game-interface-video-game.webp (2682B)
2026-08-29T00:56:46.492Z   too small to be a real frame: https://media.tenor.com/uhNqoyzZJM0AAAA1/game-interface-video-game.webp (1486B)
2026-08-29T00:56:46.498Z generic-hud · https://tenor.com/search/interface-gifs · 46 candidates, kept 4
2026-08-29T01:08:05.261Z magi · https://tenor.com/search/magi-evangelion-gifs · 61 candidates, kept 1
2026-08-29T01:08:09.543Z magi · https://tenor.com/search/magi-system-gifs · 56 candidates, kept 1
2026-08-29T01:20:28.106Z   index https://www.scifiinterfaces.com/?s=motion+tracker → 134 article links
2026-08-29T01:20:34.004Z   index https://interfaceingame.com/?s=aliens → 0 article links
2026-08-29T01:20:37.589Z motion-tracker · https://scifiinterfaces.com/2020/04/03/spreading-pathogen-maps/ · 38 candidates, kept 0
2026-08-29T01:20:41.570Z motion-tracker · https://scifiinterfaces.com/2017/05/02/report-card-johnny-mnemonic/ · 7 candidates, kept 0
2026-08-29T01:20:45.586Z motion-tracker · https://scifiinterfaces.com/2017/03/27/cyberspace-bulletin-board/ · 9 candidates, kept 0
2026-08-29T01:20:49.531Z motion-tracker · https://scifiinterfaces.com/2017/02/21/cyberspace-the-hardware/ · 9 candidates, kept 0
2026-08-29T01:20:55.347Z motion-tracker · https://interfaceingame.com/?s=motion+tracker · 1 candidates, kept 0
2026-08-29T01:20:59.624Z motion-tracker · https://gifcities.org/search?q=motion+tracker&format=json · 201 candidates, kept 0
2026-08-29T01:22:41.664Z   index FAILED https://www.scifiinterfaces.com/?s=motion+tracker: Error: page.evaluate: TypeError: Cannot read properties of undefined (reading 'split')
   
2026-08-29T01:22:47.773Z   index https://interfaceingame.com/?s=aliens → 0 links, 0 named by the seed (falling back to the head of the list)
2026-08-29T01:22:53.854Z motion-tracker · https://interfaceingame.com/?s=motion+tracker · 1 candidates, kept 0
2026-08-29T01:22:57.743Z   FAILED https://gifcities.org/search?q=motion+tracker&format=json: TypeError: Cannot read properties of undefined (reading 'replace')
2026-08-29T01:22:57.744Z motion-tracker · https://gifcities.org/search?q=motion+tracker&format=json · 0 candidates, kept 0
2026-08-29T01:27:13.136Z   index https://www.scifiinterfaces.com/?s=motion+tracker → 134 links, 0 named by the seed (falling back to the head of the list)
2026-08-29T01:27:18.860Z   index https://interfaceingame.com/?s=aliens → 0 links, 0 named by the seed (falling back to the head of the list)
2026-08-29T01:27:22.447Z motion-tracker · https://scifiinterfaces.com/2020/04/03/spreading-pathogen-maps/ · 38 candidates, kept 0
2026-08-29T01:27:26.056Z motion-tracker · https://scifiinterfaces.com/2017/05/02/report-card-johnny-mnemonic/ · 7 candidates, kept 0
2026-08-29T01:27:29.536Z motion-tracker · https://scifiinterfaces.com/2017/03/27/cyberspace-bulletin-board/ · 9 candidates, kept 0
2026-08-29T01:27:32.994Z motion-tracker · https://scifiinterfaces.com/2017/02/21/cyberspace-the-hardware/ · 9 candidates, kept 0
2026-08-29T01:27:38.559Z motion-tracker · https://interfaceingame.com/?s=motion+tracker · 1 candidates, kept 0
2026-08-29T01:27:42.858Z   FAILED https://gifcities.org/search?q=motion+tracker&format=json: TypeError: Cannot read properties of undefined (reading 'replace')
    at harvestGifcities (file:///Users/laul_pogan/Source/_worktrees/cyberdeck-vault/vault/acquire.mjs:263:17)
    at harvest (file:///Users/laul_pogan/Source/_worktrees/cyberdeck-vault/vault/acquire.mjs:278:20)
    at async file:///Users/laul_pogan/Source/_worktrees/cyberdeck-vault/vault/acquire.mjs:185:24
2026-08-29T01:27:42.859Z motion-tracker · https://gifcities.org/search?q=motion+tracker&format=json · 0 candidates, kept 0
2026-08-29T01:29:12.652Z   index https://www.scifiinterfaces.com/?s=motion+tracker → 134 links, none named by the seed: not walking
2026-08-29T01:29:18.687Z   index https://interfaceingame.com/?s=aliens → 1 links, none named by the seed: not walking
2026-08-29T01:29:22.363Z motion-tracker · https://www.scifiinterfaces.com/?s=motion+tracker · 3 candidates, kept 0
2026-08-29T01:29:28.335Z motion-tracker · https://interfaceingame.com/?s=motion+tracker · 1 candidates, kept 0
2026-08-29T01:29:33.698Z motion-tracker · https://gifcities.org/search?q=motion+tracker&format=json · 0 candidates, kept 0
2026-08-29T01:54:26.139Z   index https://www.scifiinterfaces.com/?s=motion+tracker → 134 links, none named by the seed: not walking
2026-08-29T01:54:31.839Z   index https://interfaceingame.com/?s=aliens → 1 links, none named by the seed: not walking
2026-08-29T01:54:35.336Z motion-tracker · https://www.scifiinterfaces.com/?s=motion+tracker · 3 candidates, kept 0
2026-08-29T01:54:41.039Z motion-tracker · https://interfaceingame.com/?s=motion+tracker · 1 candidates, kept 0
2026-08-29T01:54:48.919Z   too small to be a real frame: https://gifcities.org/static/gifsearch/arrowright.gif (3443B)
2026-08-29T01:54:48.919Z motion-tracker · https://gifcities.org/search?q=motion+tracker&format=json · 201 candidates, kept 0
2026-08-29T01:57:17.318Z   index https://www.scifiinterfaces.com/?s=motion+tracker → 134 links, none named by the seed: not walking
2026-08-29T01:57:23.162Z   index https://interfaceingame.com/?s=aliens → 1 links, none named by the seed: not walking
2026-08-29T01:57:26.677Z motion-tracker · https://www.scifiinterfaces.com/?s=motion+tracker · 3 candidates, kept 0
2026-08-29T01:57:32.295Z motion-tracker · https://interfaceingame.com/?s=motion+tracker · 1 candidates, kept 0
2026-08-29T01:57:39.641Z   too small to be a real frame: https://gifcities.org/static/gifsearch/arrowright.gif (3443B)
2026-08-29T01:57:39.642Z motion-tracker · https://gifcities.org/search?q=motion+tracker&format=json · 201 candidates, kept 0
2026-08-29T01:58:23.944Z   index https://www.scifiinterfaces.com/tag/alien/ → 0 links, none named by the seed: not walking
2026-08-29T01:58:29.616Z   index https://interfaceingame.com/?s=aliens → 1 links, none named by the seed: not walking
2026-08-29T01:58:33.187Z motion-tracker · https://www.scifiinterfaces.com/?s=motion+tracker · 3 candidates, kept 0
2026-08-29T01:58:38.933Z motion-tracker · https://interfaceingame.com/?s=motion+tracker · 1 candidates, kept 0
2026-08-29T01:58:47.917Z motion-tracker · https://gifcities.org/search?q=motion+tracker · 201 candidates, kept 3
2026-08-29T01:59:19.594Z   index https://www.scifiinterfaces.com/tag/alien/ → 0 links, none named by the seed: not walking
2026-08-29T01:59:25.302Z   index https://interfaceingame.com/?s=aliens → 1 links, none named by the seed: not walking
2026-08-29T01:59:28.777Z motion-tracker · https://www.scifiinterfaces.com/?s=motion+tracker · 3 candidates, kept 0
2026-08-29T01:59:34.672Z motion-tracker · https://interfaceingame.com/?s=motion+tracker · 1 candidates, kept 0
2026-08-29T01:59:41.977Z motion-tracker · https://gifcities.org/search?q=motion+tracker · 201 candidates, kept 3
2026-08-29T01:59:46.404Z   index https://www.scifiinterfaces.com/tag/evangelion/ → 0 links, none named by the seed: not walking
2026-08-29T01:59:50.338Z magi · https://www.scifiinterfaces.com/?s=magi · 3 candidates, kept 0
2026-08-29T01:59:59.016Z magi · https://gifcities.org/search?q=evangelion+magi · 201 candidates, kept 3
2026-08-29T02:00:02.873Z magi · https://tenor.com/search/magi-system-gifs · 56 candidates, kept 3
2026-08-29T02:01:06.670Z   index https://www.scifiinterfaces.com/tag/alien/ → 0 links, none named by the seed: not walking
2026-08-29T02:01:12.541Z   index https://interfaceingame.com/?s=aliens → 1 links, none named by the seed: not walking
2026-08-29T02:01:16.076Z motion-tracker · https://www.scifiinterfaces.com/?s=motion+tracker · 3 candidates, kept 0
2026-08-29T02:01:21.694Z motion-tracker · https://interfaceingame.com/?s=motion+tracker · 1 candidates, kept 0
2026-08-29T02:01:29.064Z motion-tracker · https://gifcities.org/search?q=motion+tracker · 201 candidates, kept 3
2026-08-29T02:03:13.701Z   index https://www.scifiinterfaces.com/tag/alien/ → 0 links, none named by the seed: not walking
2026-08-29T02:03:26.613Z   index https://interfaceingame.com/?s=aliens → 1 links, none named by the seed: not walking
2026-08-29T02:03:30.134Z motion-tracker · https://www.scifiinterfaces.com/?s=motion+tracker · 3 candidates, kept 0
2026-08-29T02:03:42.854Z motion-tracker · https://interfaceingame.com/?s=motion+tracker · 1 candidates, kept 0
2026-08-29T02:03:50.141Z motion-tracker · https://gifcities.org/search?q=motion+tracker · 201 candidates, kept 3
2026-08-29T02:03:54.661Z   taxonomy https://www.scifiinterfaces.com/tag/hologram/ · 59 tags on the page, 3 chosen: hologram, volumetric-projection, hologram
2026-08-29T02:03:58.164Z   index https://scifiinterfaces.com/tag/hologram/ → 0 links, none named by the seed: not walking
2026-08-29T02:04:02.071Z   index https://scifiinterfaces.com/tag/volumetric-projection/ → 0 links, none named by the seed: not walking
2026-08-29T02:04:05.564Z   index https://scifiinterfaces.com/tag/hologram/ → 0 links, none named by the seed: not walking
2026-08-29T02:04:15.147Z hologlobe · https://gifcities.org/search?q=hologram+globe · 201 candidates, kept 3
2026-08-29T02:05:33.367Z   taxonomy https://www.scifiinterfaces.com/tag/hologram/ · 59 tags on the page, 2 chosen: hologram, volumetric-projection
2026-08-29T02:05:36.917Z   index https://scifiinterfaces.com/tag/hologram/ → 10 links, 10 named by the seed
2026-08-29T02:05:40.450Z   index https://scifiinterfaces.com/tag/volumetric-projection/ → 25 links, 25 named by the seed
2026-08-29T02:05:43.957Z hologlobe · https://scifiinterfaces.com/2026/05/22/section-31-mission-briefer/ · 18 candidates, kept 0
2026-08-29T02:05:47.858Z hologlobe · https://scifiinterfaces.com/2017/03/06/real-time-interplanetary-chat/ · 9 candidates, kept 0
2026-08-29T02:05:51.328Z hologlobe · https://scifiinterfaces.com/2026/06/01/nanokin-interfaces/ · 20 candidates, kept 0
2026-08-29T02:05:55.050Z hologlobe · https://scifiinterfaces.com/2019/06/11/gendered-ai-pride-edition/ · 17 candidates, kept 2
2026-08-29T02:06:03.194Z hologlobe · https://gifcities.org/search?q=hologram+globe · 201 candidates, kept 3
2026-08-29T02:06:28.457Z   taxonomy https://www.scifiinterfaces.com/tag/hologram/ · 59 tags on the page, 2 chosen: hologram, volumetric-projection
2026-08-29T02:06:31.957Z   index https://scifiinterfaces.com/tag/hologram/ → 10 links, 10 named by the seed
2026-08-29T02:06:35.479Z   index https://scifiinterfaces.com/tag/volumetric-projection/ → 25 links, 25 named by the seed
2026-08-29T02:06:38.976Z   junk-named, skipped: https://i0.wp.com/scifiinterfaces.com/wp-content/uploads/2012/07/fakebook.png?w=1500&ssl=1
2026-08-29T02:06:38.976Z   junk-named, skipped: https://i0.wp.com/scifiinterfaces.com/wp-content/uploads/2026/04/Section-31-briefing-00099
2026-08-29T02:06:38.976Z   junk-named, skipped: https://i0.wp.com/scifiinterfaces.com/wp-content/uploads/2026/04/Section-31-briefing-00100
2026-08-29T02:06:38.976Z   junk-named, skipped: https://i0.wp.com/scifiinterfaces.com/wp-content/uploads/2026/04/Section-31-briefing-00101
2026-08-29T02:06:38.976Z   junk-named, skipped: https://i0.wp.com/scifiinterfaces.com/wp-content/uploads/2026/04/Section-31-briefing-00102
2026-08-29T02:06:38.976Z   junk-named, skipped: https://i0.wp.com/scifiinterfaces.com/wp-content/uploads/2026/04/Section-31-briefing-00002
2026-08-29T02:06:38.976Z   junk-named, skipped: https://i0.wp.com/scifiinterfaces.com/wp-content/uploads/2026/04/Section-31-briefing-00001
2026-08-29T02:06:38.976Z   junk-named, skipped: https://i0.wp.com/scifiinterfaces.com/wp-content/uploads/2026/04/Section-31-briefing-00003
2026-08-29T02:06:38.977Z   junk-named, skipped: https://i0.wp.com/scifiinterfaces.com/wp-content/uploads/2026/04/Section-31-briefing-00004
2026-08-29T02:06:38.977Z   junk-named, skipped: https://i0.wp.com/scifiinterfaces.com/wp-content/uploads/2026/04/Section-31-briefing-00005
2026-08-29T02:06:38.977Z   junk-named, skipped: https://i0.wp.com/scifiinterfaces.com/wp-content/uploads/2026/04/Section-31-briefing-00006
2026-08-29T02:06:38.977Z   junk-named, skipped: https://i0.wp.com/scifiinterfaces.com/wp-content/uploads/2026/04/Section-31-briefing-00007
2026-08-29T02:06:38.977Z   junk-named, skipped: https://i0.wp.com/scifiinterfaces.com/wp-content/uploads/2026/04/Section-31-briefing-00010
2026-08-29T02:06:38.977Z   junk-named, skipped: https://i0.wp.com/scifiinterfaces.com/wp-content/uploads/2026/04/Section-31-briefing-00008
2026-08-29T02:06:38.977Z   junk-named, skipped: https://i0.wp.com/scifiinterfaces.com/wp-content/uploads/2026/04/Section-31-briefing-perso
2026-08-29T02:06:38.977Z   junk-named, skipped: https://i0.wp.com/scifiinterfaces.com/wp-content/uploads/2026/04/Section-31-briefing-500.p
2026-08-29T02:06:38.977Z   junk-named, skipped: https://i0.wp.com/scifiinterfaces.com/wp-content/uploads/2014/11/btn_donate_sm.gif?w=1500&
2026-08-29T02:06:38.977Z   junk-named, skipped: https://pixel.wp.com/g.gif?v=ext&blog=38015716&post=26678&tz=-7&srv=scifiinterfaces.com&hp
2026-08-29T02:06:38.977Z hologlobe · https://scifiinterfaces.com/2026/05/22/section-31-mission-briefer/ · 18 candidates, kept 0
2026-08-29T02:06:42.452Z   junk-named, skipped: https://i0.wp.com/scifiinterfaces.com/wp-content/uploads/2012/07/fakebook.png?w=1500&ssl=1
2026-08-29T02:06:42.452Z   junk-named, skipped: https://i0.wp.com/scifiinterfaces.com/wp-content/uploads/2017/03/2001_a_space_odyssey-85.j
2026-08-29T02:06:42.452Z   junk-named, skipped: https://i0.wp.com/scifiinterfaces.com/wp-content/uploads/2017/03/2001_a_space_odyssey-88.j
2026-08-29T02:06:42.452Z   junk-named, skipped: https://i0.wp.com/scifiinterfaces.com/wp-content/uploads/2017/03/sbu_tulsa.png?ssl=1
2026-08-29T02:06:42.452Z   junk-named, skipped: https://i0.wp.com/scifiinterfaces.com/wp-content/uploads/2017/03/hey-mars-chat1.gif?ssl=1
2026-08-29T02:06:42.452Z   junk-named, skipped: https://i0.wp.com/scifiinterfaces.com/wp-content/uploads/2017/03/sbu_gardner.png?ssl=1
2026-08-29T02:06:42.452Z   junk-named, skipped: https://i0.wp.com/scifiinterfaces.com/wp-content/uploads/2017/03/sbu_whodis.png?ssl=1
2026-08-29T02:06:42.452Z   junk-named, skipped: https://i0.wp.com/scifiinterfaces.com/wp-content/uploads/2014/11/btn_donate_sm.gif?w=1500&
2026-08-29T02:06:42.452Z   junk-named, skipped: https://pixel.wp.com/g.gif?v=ext&blog=38015716&post=13829&tz=-7&srv=scifiinterfaces.com&hp
2026-08-29T02:06:42.453Z hologlobe · https://scifiinterfaces.com/2017/03/06/real-time-interplanetary-chat/ · 9 candidates, kept 0
2026-08-29T02:06:45.935Z   junk-named, skipped: https://i0.wp.com/scifiinterfaces.com/wp-content/uploads/2012/07/fakebook.png?w=1500&ssl=1
2026-08-29T02:06:45.935Z   junk-named, skipped: https://i0.wp.com/scifiinterfaces.com/wp-content/uploads/2026/04/Section-31-fuzz-00018.png
2026-08-29T02:06:45.935Z   junk-named, skipped: https://i0.wp.com/scifiinterfaces.com/wp-content/uploads/2026/06/Section-31-fuzz-00013.png
2026-08-29T02:06:45.936Z   junk-named, skipped: https://i0.wp.com/scifiinterfaces.com/wp-content/uploads/2026/06/Section-31-fuzz-00014.png
2026-08-29T02:06:45.936Z   junk-named, skipped: https://i0.wp.com/scifiinterfaces.com/wp-content/uploads/2026/06/Section-31-fuzz-00015.png
2026-08-29T02:06:45.936Z   junk-named, skipped: https://i0.wp.com/scifiinterfaces.com/wp-content/uploads/2026/04/Section-31-fuzz-00017.png
2026-08-29T02:06:45.936Z   junk-named, skipped: https://i0.wp.com/scifiinterfaces.com/wp-content/uploads/2026/04/Section-31-fuzz-00026.png
2026-08-29T02:06:45.936Z   junk-named, skipped: https://i0.wp.com/scifiinterfaces.com/wp-content/uploads/2026/04/Section-31-fuzz-00073.png
2026-08-29T02:06:45.936Z   junk-named, skipped: https://i0.wp.com/scifiinterfaces.com/wp-content/uploads/2026/04/Section-31-fuzz-00084.png
2026-08-29T02:06:45.936Z   junk-named, skipped: https://i0.wp.com/scifiinterfaces.com/wp-content/uploads/2026/04/Section-31-fuzz-00081.png
2026-08-29T02:06:45.936Z   junk-named, skipped: https://i0.wp.com/scifiinterfaces.com/wp-content/uploads/2026/04/Section-31-fuzz-00085.png
2026-08-29T02:06:45.936Z   junk-named, skipped: https://i0.wp.com/scifiinterfaces.com/wp-content/uploads/2026/04/Section-31-fuzz-00052-1.p
2026-08-29T02:06:45.936Z   junk-named, skipped: https://i0.wp.com/scifiinterfaces.com/wp-content/uploads/2026/04/Section-31-Fuzz-00053b.pn
2026-08-29T02:06:45.937Z   junk-named, skipped: https://i0.wp.com/scifiinterfaces.com/wp-content/uploads/2026/04/Section-31-fuzz-00050-1.p
2026-08-29T02:06:45.937Z   junk-named, skipped: https://i0.wp.com/scifiinterfaces.com/wp-content/uploads/2026/04/Section_31_agent_00001.pn
2026-08-29T02:06:45.937Z   junk-named, skipped: https://i0.wp.com/scifiinterfaces.com/wp-content/uploads/2026/04/Section-31-fuzz-00012.png
2026-08-29T02:06:45.937Z   junk-named, skipped: https://i0.wp.com/scifiinterfaces.com/wp-content/uploads/2026/04/Section-31-fuzz-00098.png
2026-08-29T02:06:45.937Z   junk-named, skipped: https://i0.wp.com/scifiinterfaces.com/wp-content/uploads/2026/04/Section-31-Fuzz-pride.png
2026-08-29T02:06:45.937Z   junk-named, skipped: https://i0.wp.com/scifiinterfaces.com/wp-content/uploads/2014/11/btn_donate_sm.gif?w=1500&
2026-08-29T02:06:45.937Z   junk-named, skipped: https://pixel.wp.com/g.gif?v=ext&blog=38015716&post=26966&tz=-7&srv=scifiinterfaces.com&hp
2026-08-29T02:06:45.937Z hologlobe · https://scifiinterfaces.com/2026/06/01/nanokin-interfaces/ · 20 candidates, kept 0
2026-08-29T02:06:49.650Z   junk-named, skipped: https://i0.wp.com/scifiinterfaces.com/wp-content/uploads/2012/07/fakebook.png?w=1500&ssl=1
2026-08-29T02:06:49.651Z   junk-named, skipped: https://i0.wp.com/scifiinterfaces.com/wp-content/uploads/2019/06/pridebot.png?ssl=1
2026-08-29T02:06:49.651Z   junk-named, skipped: https://i0.wp.com/shkspr.mobi/blog/wp-content/uploads/2019/06/Maschinenmensch.jpg.webp?w=1
2026-08-29T02:06:49.651Z   junk-named, skipped: https://i0.wp.com/scifiinterfaces.com/wp-content/uploads/2019/06/allisfull.jpg?ssl=1
2026-08-29T02:06:49.651Z   junk-named, skipped: https://i0.wp.com/shkspr.mobi/blog/wp-content/uploads/2019/06/Kryten-and-Camille-Kissing.j
2026-08-29T02:06:49.651Z   junk-named, skipped: https://i0.wp.com/shkspr.mobi/blog/wp-content/uploads/2019/06/Screenshot_2019-06-07-Star-W
2026-08-29T02:06:49.651Z   junk-named, skipped: https://i0.wp.com/scifiinterfaces.com/wp-content/uploads/2019/06/droids.png?ssl=1
2026-08-29T02:06:49.652Z   junk-named, skipped: https://i0.wp.com/scifiinterfaces.com/wp-content/uploads/2019/06/hedonismbot.com_.png?ssl=
2026-08-29T02:06:49.652Z   junk-named, skipped: https://i0.wp.com/shkspr.mobi/blog/wp-content/uploads/2019/06/Threesome.jpg.webp?w=1500&ss
2026-08-29T02:06:49.652Z   junk-named, skipped: https://i0.wp.com/shkspr.mobi/blog/wp-content/uploads/2019/06/Humans-astrid-niska-hands.pn
2026-08-29T02:06:49.652Z   junk-named, skipped: https://i0.wp.com/scifiinterfaces.com/wp-content/uploads/2014/02/her-cameo.jpg?ssl=1
2026-08-29T02:06:49.652Z   junk-named, skipped: https://i0.wp.com/scifiinterfaces.com/wp-content/uploads/2018/12/holly.png?ssl=1
2026-08-29T02:06:49.652Z   junk-named, skipped: https://i0.wp.com/shkspr.mobi/blog/wp-content/uploads/2019/06/Red-Dwarf-Crawl.jpg.webp?w=1
2026-08-29T02:06:49.652Z   junk-named, skipped: https://i0.wp.com/scifiinterfaces.com/wp-content/uploads/2014/11/btn_donate_sm.gif?w=1500&
2026-08-29T02:06:49.652Z   junk-named, skipped: https://pixel.wp.com/g.gif?v=ext&blog=38015716&post=19216&tz=-7&srv=scifiinterfaces.com&hp
2026-08-29T02:06:49.653Z hologlobe · https://scifiinterfaces.com/2019/06/11/gendered-ai-pride-edition/ · 17 candidates, kept 2
2026-08-29T02:06:58.632Z hologlobe · https://gifcities.org/search?q=hologram+globe · 201 candidates, kept 3
2026-08-29T02:07:25.058Z   index https://www.scifiinterfaces.com/tag/alien/ → 0 links, none named by the seed: not walking
2026-08-29T02:07:30.840Z   index https://interfaceingame.com/?s=aliens → 1 links, none named by the seed: not walking
2026-08-29T02:07:34.675Z   too small to be a real frame: https://i0.wp.com/scifiinterfaces.com/wp-content/uploads/2014/11/btn_donate_sm.g (1491B)
2026-08-29T02:07:34.675Z   junk-named, skipped: https://pixel.wp.com/g.gif?v=ext&blog=38015716&post=0&tz=-7&srv=scifiinterfaces.com&arch_s
2026-08-29T02:07:34.675Z motion-tracker · https://www.scifiinterfaces.com/?s=motion+tracker · 3 candidates, kept 1
2026-08-29T02:07:40.393Z   junk-named, skipped: https://interfaceingame.com/wp-content/uploads/page/games/games-banner.jpg
2026-08-29T02:07:40.394Z motion-tracker · https://interfaceingame.com/?s=motion+tracker · 1 candidates, kept 0
2026-08-29T02:07:47.736Z motion-tracker · https://gifcities.org/search?q=motion+tracker · 201 candidates, kept 4
2026-08-29T02:07:51.506Z   taxonomy https://www.scifiinterfaces.com/tag/hologram/ · 59 tags on the page, 2 chosen: hologram, volumetric-projection
2026-08-29T02:07:54.986Z   index https://scifiinterfaces.com/tag/hologram/ → 10 links, 10 named by the seed
2026-08-29T02:07:58.526Z   index https://scifiinterfaces.com/tag/volumetric-projection/ → 25 links, 25 named by the seed
2026-08-29T02:08:06.925Z hologlobe · https://scifiinterfaces.com/2026/05/22/section-31-mission-briefer/ · 18 candidates, kept 4
2026-08-29T02:08:15.377Z hologlobe · https://scifiinterfaces.com/2017/03/06/real-time-interplanetary-chat/ · 9 candidates, kept 4
2026-08-29T02:08:23.203Z hologlobe · https://scifiinterfaces.com/2026/06/01/nanokin-interfaces/ · 20 candidates, kept 4
2026-08-29T02:08:27.149Z hologlobe · https://scifiinterfaces.com/2019/06/11/gendered-ai-pride-edition/ · 17 candidates, kept 4
2026-08-29T02:08:35.496Z hologlobe · https://gifcities.org/search?q=hologram+globe · 201 candidates, kept 4
2026-08-29T02:09:16.163Z   taxonomy https://www.scifiinterfaces.com/tag/hud/ · 206 tags on the page, 3 chosen: radar-sweep, radar, targeting
2026-08-29T02:09:20.213Z   index https://scifiinterfaces.com/tag/radar-sweep/ → 5 links, 5 named by the seed
2026-08-29T02:09:23.741Z   index https://scifiinterfaces.com/tag/radar/ → 13 links, 13 named by the seed
2026-08-29T02:09:28.012Z   index https://scifiinterfaces.com/tag/targeting/ → 18 links, 18 named by the seed
2026-08-29T02:09:33.784Z   index https://interfaceingame.com/?s=aliens → 1 links, none named by the seed: not walking
2026-08-29T02:09:42.796Z motion-tracker · https://scifiinterfaces.com/2025/02/06/comparing-sci-fi-huds-in-2024-movies/ · 22 candidates, kept 4
2026-08-29T02:09:47.216Z motion-tracker · https://scifiinterfaces.com/2014/06/04/fuidgets/ · 8 candidates, kept 4
2026-08-29T02:10:06.314Z motion-tracker · https://scifiinterfaces.com/2026/04/10/fritzes-2026-best-narrative/ · 37 candidates, kept 4
2026-08-29T02:10:13.859Z motion-tracker · https://scifiinterfaces.com/2014/03/28/fedpaint/ · 14 candidates, kept 4
2026-08-29T02:10:17.334Z motion-tracker · https://scifiinterfaces.com/2026/04/10/fritzes-2026-best-narrative/ · 37 candidates, kept 4
2026-08-29T02:10:20.816Z motion-tracker · https://scifiinterfaces.com/2014/03/28/fedpaint/ · 13 candidates, kept 4
2026-08-29T02:10:24.309Z   too small to be a real frame: https://i0.wp.com/scifiinterfaces.com/wp-content/uploads/2014/11/btn_donate_sm.g (1491B)
2026-08-29T02:10:24.309Z   junk-named, skipped: https://pixel.wp.com/g.gif?v=ext&blog=38015716&post=0&tz=-7&srv=scifiinterfaces.com&arch_s
2026-08-29T02:10:24.309Z motion-tracker · https://www.scifiinterfaces.com/?s=motion+tracker · 3 candidates, kept 1
2026-08-29T02:10:30.189Z   junk-named, skipped: https://interfaceingame.com/wp-content/uploads/page/games/games-banner.jpg
2026-08-29T02:10:30.189Z motion-tracker · https://interfaceingame.com/?s=motion+tracker · 1 candidates, kept 0
2026-08-29T02:10:38.379Z motion-tracker · https://gifcities.org/search?q=motion+tracker · 201 candidates, kept 4
2026-08-29T02:10:42.080Z   taxonomy https://www.scifiinterfaces.com/tag/hud/ · 206 tags on the page, 2 chosen: cathode-ray-tube, crt
2026-08-29T02:10:46.202Z   index https://scifiinterfaces.com/tag/cathode-ray-tube/ → 6 links, 6 named by the seed
2026-08-29T02:10:50.625Z   index https://scifiinterfaces.com/tag/crt/ → 15 links, 15 named by the seed
2026-08-29T02:10:54.303Z magi · https://scifiinterfaces.com/2026/04/10/fritzes-2026-best-narrative/ · 37 candidates, kept 4
2026-08-29T02:10:57.824Z magi · https://scifiinterfaces.com/2014/03/28/fedpaint/ · 14 candidates, kept 4
2026-08-29T02:11:11.319Z magi · https://scifiinterfaces.com/2026/04/24/fritzes-2026-bonus-award-best-robots/ · 44 candidates, kept 4
2026-08-29T02:11:18.979Z magi · https://scifiinterfaces.com/2026/05/01/fritzes-2026-bonus-award-best-assistants/ · 50 candidates, kept 4
2026-08-29T02:11:22.463Z   too small to be a real frame: https://i0.wp.com/scifiinterfaces.com/wp-content/uploads/2014/11/btn_donate_sm.g (1491B)
2026-08-29T02:11:22.463Z   junk-named, skipped: https://pixel.wp.com/g.gif?v=ext&blog=38015716&post=0&tz=-7&srv=scifiinterfaces.com&arch_s
2026-08-29T02:11:22.463Z magi · https://www.scifiinterfaces.com/?s=magi · 3 candidates, kept 1
2026-08-29T02:11:30.778Z magi · https://gifcities.org/search?q=evangelion+magi · 201 candidates, kept 4
2026-08-29T02:11:34.442Z magi · https://tenor.com/search/magi-system-gifs · 56 candidates, kept 4
2026-08-29T02:11:38.125Z   taxonomy https://www.scifiinterfaces.com/tag/hud/ · 206 tags on the page, 2 chosen: countdown, graph
2026-08-29T02:11:42.752Z   index https://scifiinterfaces.com/tag/countdown/ → 20 links, 20 named by the seed
2026-08-29T02:11:46.737Z   index https://scifiinterfaces.com/tag/graph/ → 3 links, 3 named by the seed
2026-08-29T02:11:55.775Z insertion-sync · https://scifiinterfaces.com/2026/06/11/star-trek-section-31-the-godsend/ · 10 candidates, kept 4
2026-08-29T02:11:59.316Z insertion-sync · https://scifiinterfaces.com/2014/06/04/fuidgets/ · 8 candidates, kept 4
2026-08-29T02:12:03.021Z insertion-sync · https://scifiinterfaces.com/2026/04/10/fritzes-2026-best-narrative/ · 37 candidates, kept 4
2026-08-29T02:12:06.933Z insertion-sync · https://scifiinterfaces.com/2014/03/28/fedpaint/ · 14 candidates, kept 4
2026-08-29T02:12:10.837Z   too small to be a real frame: https://i0.wp.com/scifiinterfaces.com/wp-content/uploads/2014/11/btn_donate_sm.g (1491B)
2026-08-29T02:12:10.837Z   junk-named, skipped: https://pixel.wp.com/g.gif?v=ext&blog=38015716&post=0&tz=-7&srv=scifiinterfaces.com&arch_s
2026-08-29T02:12:10.837Z insertion-sync · https://www.scifiinterfaces.com/?s=insertion+sync · 3 candidates, kept 1
2026-08-29T02:12:18.867Z   too small to be a real frame: https://blob.gifcities.org/gifcities/27X2MW7QLI63QZPZ3N5OKHLGZ6ZTAYJQ.gif (3962B)
2026-08-29T02:12:18.899Z   too small to be a real frame: https://blob.gifcities.org/gifcities/2NHEUTDE7HLJ32KHNDAWSMGKUAT4TYYN.gif (3410B)
2026-08-29T02:12:18.910Z   too small to be a real frame: https://blob.gifcities.org/gifcities/2OWB7CSVTXTDQZWT3USTHY2MNW45ZF7P.gif (966B)
2026-08-29T02:12:18.920Z   too small to be a real frame: https://blob.gifcities.org/gifcities/2V5O7ILTPTVBJJDUSJIIIAU2AEV7RML2.gif (2064B)
2026-08-29T02:12:18.934Z insertion-sync · https://gifcities.org/search?q=insertion+sync · 201 candidates, kept 4
2026-08-29T02:12:24.806Z   index https://interfaceingame.com/?s=dead+space → 1 links, none named by the seed: not walking
2026-08-29T02:12:28.882Z   taxonomy https://www.scifiinterfaces.com/tag/hud/ · 206 tags on the page, 2 chosen: wearable-technology, exosuit
2026-08-29T02:12:32.392Z   index https://scifiinterfaces.com/tag/wearable-technology/ → 19 links, 19 named by the seed
2026-08-29T02:12:36.401Z   index https://scifiinterfaces.com/tag/exosuit/ → 4 links, 4 named by the seed
2026-08-29T02:12:42.208Z rig · https://interfaceingame.com/?s=dead+space · 1 candidates, kept 0
2026-08-29T02:12:49.012Z rig · https://scifiinterfaces.com/2021/08/15/sci-fi-spacesuits-identification/ · 29 candidates, kept 4
2026-08-29T02:12:53.750Z rig · https://scifiinterfaces.com/2021/08/03/sci-fi-spacesuits-audio-comms/ · 15 candidates, kept 4
2026-08-29T02:12:58.779Z rig · https://scifiinterfaces.com/2026/05/01/fritzes-2026-bonus-award-best-assistants/ · 50 candidates, kept 4
2026-08-29T02:13:11.045Z rig · https://scifiinterfaces.com/2026/05/08/fritzes-2026-big-label-roundup/ · 25 candidates, kept 4
2026-08-29T02:13:19.065Z rig · https://gifcities.org/search?q=dead+space+hud · 201 candidates, kept 4
2026-08-29T02:13:22.784Z   taxonomy https://www.scifiinterfaces.com/tag/hud/ · 206 tags on the page, 1 chosen: context-awareness
2026-08-29T02:13:26.854Z   index https://scifiinterfaces.com/tag/context-awareness/ → 15 links, 15 named by the seed
2026-08-29T02:13:31.033Z   index https://www.hudsandguis.com/search?q=blade+runner → 0 links, none named by the seed: not walking
2026-08-29T02:13:34.831Z spinner-console · https://scifiinterfaces.com/2025/02/06/comparing-sci-fi-huds-in-2024-movies/ · 22 candidates, kept 4
2026-08-29T02:13:38.396Z spinner-console · https://scifiinterfaces.com/2014/06/04/fuidgets/ · 8 candidates, kept 4
2026-08-29T02:13:42.356Z spinner-console · https://www.scifiinterfaces.com/?s=blade+runner · 3 candidates, kept 0
2026-08-29T02:13:46.407Z spinner-console · https://www.hudsandguis.com/search?q=blade+runner · 2 candidates, kept 0
2026-08-29T02:13:54.133Z spinner-console · https://gifcities.org/search?q=blade+runner · 201 candidates, kept 4
2026-08-29T02:13:58.266Z   index https://www.hudsandguis.com/search?q=severance → 0 links, none named by the seed: not walking
2026-08-29T02:14:01.917Z   taxonomy https://www.scifiinterfaces.com/tag/hud/ · 206 tags on the page, 2 chosen: for-reading-not-seeing, terminal
2026-08-29T02:14:05.841Z   index https://scifiinterfaces.com/tag/for-reading-not-seeing/ → 2 links, 2 named by the seed
2026-08-29T02:14:09.835Z   index https://scifiinterfaces.com/tag/terminal/ → 7 links, 7 named by the seed
2026-08-29T02:14:13.768Z   junk-named, skipped: https://images.squarespace-cdn.com/content/v1/5438bd1be4b0446f6692b906/1414712231382-M5ASS
2026-08-29T02:14:13.769Z   junk-named, skipped: https://images.squarespace-cdn.com/content/v1/5438bd1be4b0446f6692b906/1414712231382-M5ASS
2026-08-29T02:14:13.769Z lumon · https://www.hudsandguis.com/search?q=severance · 2 candidates, kept 0
2026-08-29T02:14:17.445Z lumon · https://scifiinterfaces.com/2025/02/06/comparing-sci-fi-huds-in-2024-movies/ · 22 candidates, kept 4
2026-08-29T02:14:20.957Z lumon · https://scifiinterfaces.com/2014/06/04/fuidgets/ · 8 candidates, kept 4
2026-08-29T02:14:26.799Z lumon · https://scifiinterfaces.com/2023/12/04/disclosure-1994/ · 24 candidates, kept 4
2026-08-29T02:14:28.436Z   taxonomy https://www.scifiinterfaces.com/tag/hud/ · 206 tags on the page, 3 chosen: radar-sweep, radar, targeting
2026-08-29T02:14:31.906Z   index https://scifiinterfaces.com/tag/radar-sweep/ → 5 links, 5 named by the seed
2026-08-29T02:14:32.929Z lumon · https://scifiinterfaces.com/2017/03/07/cyberspace-navigation/ · 10 candidates, kept 4
2026-08-29T02:14:35.425Z   index https://scifiinterfaces.com/tag/radar/ → 13 links, 13 named by the seed
2026-08-29T02:14:36.842Z   taxonomy https://www.scifiinterfaces.com/tag/hud/ · 206 tags on the page, 3 chosen: grid, circular, glow
2026-08-29T02:14:38.911Z   index https://scifiinterfaces.com/tag/targeting/ → 18 links, 18 named by the seed
2026-08-29T02:14:40.338Z   index https://scifiinterfaces.com/tag/grid/ → 14 links, 14 named by the seed
2026-08-29T02:14:44.468Z   index https://scifiinterfaces.com/tag/circular/ → 16 links, 16 named by the seed
2026-08-29T02:14:49.321Z   index https://scifiinterfaces.com/tag/glow/ → 21 links, 21 named by the seed
2026-08-29T02:14:50.989Z   index https://interfaceingame.com/?s=aliens → 1 links, none named by the seed: not walking
2026-08-29T02:14:54.542Z motion-tracker · https://scifiinterfaces.com/2025/02/06/comparing-sci-fi-huds-in-2024-movies/ · 22 candidates, kept 1
2026-08-29T02:14:54.925Z   index https://interfaceingame.com/?s=tron → 1 links, none named by the seed: not walking
2026-08-29T02:14:58.026Z motion-tracker · https://scifiinterfaces.com/2014/06/04/fuidgets/ · 8 candidates, kept 1
2026-08-29T02:14:58.639Z tron-disc · https://scifiinterfaces.com/2026/04/10/fritzes-2026-best-narrative/ · 37 candidates, kept 4
2026-08-29T02:15:01.528Z motion-tracker · https://scifiinterfaces.com/2026/04/10/fritzes-2026-best-narrative/ · 37 candidates, kept 1
2026-08-29T02:15:02.199Z tron-disc · https://scifiinterfaces.com/2014/03/28/fedpaint/ · 14 candidates, kept 4
2026-08-29T02:15:04.994Z motion-tracker · https://scifiinterfaces.com/2014/03/28/fedpaint/ · 14 candidates, kept 1
2026-08-29T02:15:08.481Z motion-tracker · https://scifiinterfaces.com/2026/04/10/fritzes-2026-best-narrative/ · 37 candidates, kept 1
2026-08-29T02:15:10.862Z tron-disc · https://scifiinterfaces.com/2026/05/15/fritzes-2026-best-interfaces-section-31/ · 43 candidates, kept 4
2026-08-29T02:15:11.942Z motion-tracker · https://scifiinterfaces.com/2014/03/28/fedpaint/ · 13 candidates, kept 1
2026-08-29T02:15:15.428Z motion-tracker · https://www.scifiinterfaces.com/?s=motion+tracker · 3 candidates, kept 1
2026-08-29T02:15:15.965Z tron-disc · https://scifiinterfaces.com/2019/11/22/the-design-of-evil/ · 48 candidates, kept 4
2026-08-29T02:15:19.486Z tron-disc · https://scifiinterfaces.com/2026/06/11/star-trek-section-31-the-godsend/ · 10 candidates, kept 4
2026-08-29T02:15:21.394Z   junk-named, skipped: https://interfaceingame.com/wp-content/uploads/page/games/games-banner.jpg
2026-08-29T02:15:21.396Z motion-tracker · https://interfaceingame.com/?s=motion+tracker · 1 candidates, kept 0
2026-08-29T02:15:23.058Z tron-disc · https://scifiinterfaces.com/2014/06/04/fuidgets/ · 8 candidates, kept 4
2026-08-29T02:15:27.038Z   too small to be a real frame: https://i0.wp.com/scifiinterfaces.com/wp-content/uploads/2014/11/btn_donate_sm.g (1491B)
2026-08-29T02:15:27.039Z   junk-named, skipped: https://pixel.wp.com/g.gif?v=ext&blog=38015716&post=0&tz=-7&srv=scifiinterfaces.com&arch_s
2026-08-29T02:15:27.039Z tron-disc · https://www.scifiinterfaces.com/?s=tron · 3 candidates, kept 1
2026-08-29T02:15:28.935Z motion-tracker · https://gifcities.org/search?q=motion+tracker · 201 candidates, kept 1
2026-08-29T02:15:35.626Z   too small to be a real frame: https://blob.gifcities.org/gifcities/234GOX6CAN4THWNGBBJGXA2VZ5VWQXKM.gif (2773B)
2026-08-29T02:15:35.686Z   too small to be a real frame: https://blob.gifcities.org/gifcities/2C2YYH2SLBU3Z4CXJG56PWTB55DG5G42.gif (4006B)
2026-08-29T02:15:35.711Z tron-disc · https://gifcities.org/search?q=tron+grid · 201 candidates, kept 4
2026-08-29T02:15:39.360Z   taxonomy https://www.scifiinterfaces.com/tag/hologram/ · 59 tags on the page, 2 chosen: hologram, volumetric-projection
2026-08-29T02:15:43.748Z   index https://scifiinterfaces.com/tag/hologram/ → 10 links, 10 named by the seed
2026-08-29T02:15:47.320Z   index https://scifiinterfaces.com/tag/volumetric-projection/ → 25 links, 25 named by the seed
2026-08-29T02:15:50.799Z hologlobe · https://scifiinterfaces.com/2026/05/22/section-31-mission-briefer/ · 18 candidates, kept 4
2026-08-29T02:15:54.268Z hologlobe · https://scifiinterfaces.com/2017/03/06/real-time-interplanetary-chat/ · 9 candidates, kept 4
2026-08-29T02:15:57.835Z hologlobe · https://scifiinterfaces.com/2026/06/01/nanokin-interfaces/ · 20 candidates, kept 4
2026-08-29T02:16:01.304Z hologlobe · https://scifiinterfaces.com/2019/06/11/gendered-ai-pride-edition/ · 17 candidates, kept 4
2026-08-29T02:16:08.783Z hologlobe · https://gifcities.org/search?q=hologram+globe · 201 candidates, kept 4
2026-08-29T02:16:12.625Z   taxonomy https://www.scifiinterfaces.com/tag/hud/ · 206 tags on the page, 3 chosen: heads-up-display, piloting-controls, hud
2026-08-29T02:16:16.116Z   index https://scifiinterfaces.com/tag/heads-up-display/ → 18 links, 18 named by the seed
2026-08-29T02:16:20.217Z   index https://scifiinterfaces.com/tag/piloting-controls/ → 15 links, 15 named by the seed
2026-08-29T02:16:23.723Z   index https://scifiinterfaces.com/tag/hud/ → 21 links, 21 named by the seed
2026-08-29T02:16:30.559Z   index https://interfaceingame.com/?s=star+citizen → 1 links, none named by the seed: not walking
2026-08-29T02:16:36.154Z   index https://interfaceingame.com/?s=elite+dangerous → 1 links, none named by the seed: not walking
2026-08-29T02:16:39.813Z ship-hud · https://scifiinterfaces.com/2026/05/01/fritzes-2026-bonus-award-best-assistants/ · 50 candidates, kept 4
2026-08-29T02:16:43.381Z ship-hud · https://scifiinterfaces.com/2026/05/08/fritzes-2026-big-label-roundup/ · 25 candidates, kept 4
2026-08-29T02:16:47.086Z ship-hud · https://scifiinterfaces.com/2026/04/10/fritzes-2026-best-narrative/ · 37 candidates, kept 4
2026-08-29T02:16:50.599Z ship-hud · https://scifiinterfaces.com/2014/03/28/fedpaint/ · 14 candidates, kept 4
2026-08-29T02:16:54.182Z ship-hud · https://scifiinterfaces.com/2026/05/15/fritzes-2026-best-interfaces-section-31/ · 43 candidates, kept 4
2026-08-29T02:16:57.714Z ship-hud · https://scifiinterfaces.com/2019/11/22/the-design-of-evil/ · 48 candidates, kept 4
2026-08-29T02:17:03.483Z ship-hud · https://interfaceingame.com/?s=star+citizen · 1 candidates, kept 0
2026-08-29T02:17:07.163Z   taxonomy https://www.scifiinterfaces.com/tag/hud/ · 206 tags on the page, 1 chosen: countdown
2026-08-29T02:17:10.663Z   index https://scifiinterfaces.com/tag/countdown/ → 20 links, 20 named by the seed
2026-08-29T02:17:15.470Z   index https://www.hudsandguis.com/search?q=progress → 0 links, none named by the seed: not walking
2026-08-29T02:17:19.131Z fake-os-loaders · https://scifiinterfaces.com/2026/06/11/star-trek-section-31-the-godsend/ · 10 candidates, kept 4
2026-08-29T02:17:22.634Z fake-os-loaders · https://scifiinterfaces.com/2014/06/04/fuidgets/ · 8 candidates, kept 4
2026-08-29T02:17:27.000Z   junk-named, skipped: https://images.squarespace-cdn.com/content/v1/5438bd1be4b0446f6692b906/1414712231382-M5ASS
2026-08-29T02:17:27.000Z   junk-named, skipped: https://images.squarespace-cdn.com/content/v1/5438bd1be4b0446f6692b906/1414712231382-M5ASS
2026-08-29T02:17:27.000Z fake-os-loaders · https://www.hudsandguis.com/search?q=progress · 2 candidates, kept 0
2026-08-29T02:17:34.709Z   too small to be a real frame: https://blob.gifcities.org/gifcities/25NJQVIDTW5BCAPCYMFWZ3ALRHSOUQ7E.gif (7440B)
2026-08-29T02:17:34.718Z   too small to be a real frame: https://blob.gifcities.org/gifcities/2DKW6JYFPPY3ODYTGIPE6K2BDVXAQA2V.gif (281B)
2026-08-29T02:17:34.729Z   too small to be a real frame: https://blob.gifcities.org/gifcities/2GMG7FZAYZGJWAIASBP37BFRXUEKVQIH.gif (1873B)
2026-08-29T02:17:34.740Z   too small to be a real frame: https://blob.gifcities.org/gifcities/2KWSA4WCL2BNRWQEDMDOFR5QOUIE6PAY.gif (4771B)
2026-08-29T02:17:34.750Z   too small to be a real frame: https://blob.gifcities.org/gifcities/2LTUPYA6BDRGI5M3C43IWGZX4QCYG5H2.gif (7149B)
2026-08-29T02:17:34.791Z fake-os-loaders · https://gifcities.org/search?q=loading+bar · 201 candidates, kept 4
